---
source: crates/amaru/src/ledger/rewards.rs
expression: dreps
---
{
  "delegations": {
    "keys": {
      "951fcc7230ca42c67077aeb005e041bb428d32f023edbfc3ac77a742": "drep1yf6rudz7w9kz4etshj0njg7fjtd0c4frgsds6f8e6ep47ygl6sw74",
      "edc52808d58a420ce2df3da8c7118c858c7aa136fa7b2b1baa3e81ed": "drep1ytax4rwzvdwamnu67j2uk9z00660lpzcvmlys6266l9kt5c262k7m"
    },
    "scripts": {}
  },
  "dreps": {
    "drep1yf6rudz7w9kz4etshj0njg7fjtd0c4frgsds6f8e6ep47ygl6sw74": {
      "mandate": 184,
      "metadata": {
        "url": "https://raw.githubusercontent.com/NanaSafo01/drep-metadata/main/WadaDrep.jsonld",
        "content_hash": "8a1971eaccf490599fc7e02c522f0c2012f8d9f0e3f6bcf938b7134b58c617c0"
      }
    },
    "drep1yg3mcc7w6njqkgkafes9rsjchgud2euas83n7d87tewdkngpgk07n": {
      "mandate": 184,
      "metadata": null
    },
    "drep1ytax4rwzvdwamnu67j2uk9z00660lpzcvmlys6266l9kt5c262k7m": {
      "mandate": 184,
      "metadata": null
    }
  }
}