---
source: crates/amaru/tests/summary.rs
expression: rewards_summary
---
{
  "epoch": 166,
  "efficiency": "16153/21600",
  "incentives": 31141374136831,
  "total_rewards": 31156336269228,
  "treasury_tax": 6231267253845,
  "available_rewards": 24925069015383,
  "pots": {
    "treasury": 1095190878607004,
    "reserves": 13880882423400263,
    "fees": 14962132397
  },
  "pools": {
    "pool107k26e3wrqxwghju2py40ngngx2qcu48ppeg7lk0cm35jl2aenx": {
      "pot": 4495920244,
      "leader": 866912433
    },
    "pool108gvqf4qf6j2cspfuat9c6q6rh3csc34vvhezu05dn38c7xhrt5": {
      "pot": 0,
      "leader": 0
    },
    "pool10aqw4wa8cenqut0mlhrnayfhh4jjv7kyg9zv40426axs793k6nx": {
      "pot": 0,
      "leader": 0
    },
    "pool10dtwvn64akqjdtn9d4pd2mnhpxfgp76hvsfkgmfwugrsxef3y2p": {
      "pot": 1139671438,
      "leader": 238926438
    },
    "pool10hmpfez2u96atsf648xhe8jv470qxqn6j432zy20qa3227e8kgk": {
      "pot": 0,
      "leader": 0
    },
    "pool10ny3ruzz9xee4smkpk293e9luvkx9fuf37zzz967uxgaca8ap2v": {
      "pot": 0,
      "leader": 0
    },
    "pool10qlwk6y9hhny4nweukak93yf0txrxk0p4k6c992v2hku6l9clkx": {
      "pot": 0,
      "leader": 0
    },
    "pool10t0uux47y60xuvaxlw7e2cau09szp25nly2klkrlyr0a7jv6zlq": {
      "pot": 0,
      "leader": 0
    },
    "pool10tcv8rekjzmmsr8a5j3cu9j7vl9ffj77sh006k5fa0cry35wmex": {
      "pot": 0,
      "leader": 0
    },
    "pool10zaylnde5n0uurvcqyrmf2wjrk0hk2zmx0ln990p3alt2gh4mkk": {
      "pot": 0,
      "leader": 0
    },
    "pool124jq2jje25v9gtrjxk8qm34ujrcsa3msy4tm04nl2262j5scclv": {
      "pot": 0,
      "leader": 0
    },
    "pool125tufz3q8ww2he3cwp7cn02lsf44u85tnlycmxq0y6pegz4mhjs": {
      "pot": 0,
      "leader": 0
    },
    "pool128dntpzv0jz9g6r7f39dsjllx2rvjttvnwrzk56eg4z3jcct5jj": {
      "pot": 0,
      "leader": 0
    },
    "pool129kx4etdult6t7amdv8hjl6yf3ur95hrhncpt29qk4k9czz8ura": {
      "pot": 0,
      "leader": 0
    },
    "pool129n0d9zrla7ntfjlwhqrtmn7halem0shcjd5mz5zhfym2auyu05": {
      "pot": 1088688452,
      "leader": 273256676
    },
    "pool12al62800devlmgdk8x5qpw38tnjsmgyys6lrd88hmfwvka2upuw": {
      "pot": 0,
      "leader": 0
    },
    "pool12dd0mg935mzx6rdaykngqj8aeqxrtjltg5jtdccrt7p0x78rc38": {
      "pot": 1050685943,
      "leader": 448619316
    },
    "pool12efl9gdw55cc7sax8cq5spmrfzj8t57gj2p63s0tfx8mwqrqe4g": {
      "pot": 0,
      "leader": 0
    },
    "pool12jthfp4uqah0yndtdu6x2tqaxvgnlpc7h30gvwey3rsrc789tme": {
      "pot": 784868292,
      "leader": 369723709
    },
    "pool12krslmkmerf45g4juaartm4hkawkmrh86peyy4hlte6nxyzwcyf": {
      "pot": 0,
      "leader": 0
    },
    "pool12qj4pk9sr6mxxwnfj9hvujf0r2d8c4t8tkwcafnrjdpxqep69ck": {
      "pot": 0,
      "leader": 0
    },
    "pool12r7sxy225v94m6qcpnzt7g85axrmrg9gc05ykplzkwu7um36dns": {
      "pot": 0,
      "leader": 0
    },
    "pool12rg7kqf2y3c7j643dm508xmkjl9ethfphfggtykp6xfyv6zjcge": {
      "pot": 0,
      "leader": 0
    },
    "pool12sa9qn5v62gdcdrnkwnu66c0kdmtq7kwl3vm3v7c8s58299smu5": {
      "pot": 0,
      "leader": 0
    },
    "pool12uvnqe8uq8jfrpk337k63pgfkf0q6lncy0zqcylfdq4zc9n8755": {
      "pot": 0,
      "leader": 0
    },
    "pool12v43sug6avuwn458fwlx0j72lqrjqqcec9nc9ywk24x0wn7ng46": {
      "pot": 0,
      "leader": 0
    },
    "pool132jxjzyw4awr3s75ltcdx5tv5ecv6m042306l630wqjckhfm32r": {
      "pot": 0,
      "leader": 0
    },
    "pool135dzt5vxn7um8tx3z58zt7x2ut6nu6epfxfandps5radw2zhzf0": {
      "pot": 0,
      "leader": 0
    },
    "pool13634p85x5duyu6d2ke38032hjry5c6h524l9k9wqa6uv7e29n7e": {
      "pot": 0,
      "leader": 0
    },
    "pool136rx90xnt0xqudmfwsjhadcje0k8zcnykf25furmxch2qc73pas": {
      "pot": 1000074257,
      "leader": 353123911
    },
    "pool136t3ag3gzeftu7dlmxj9dvk5cj2ankuqujaphvn0y6glusap0fd": {
      "pot": 0,
      "leader": 0
    },
    "pool13dwtqgl5lnep4z5e8vjv7ef5qqd2095zmlccz3d9805zk423gwz": {
      "pot": 0,
      "leader": 0
    },
    "pool13fmuunlup35sgxt8t2jnjm0e5wxfe5swxeyr6tfyvh8gv9hdz68": {
      "pot": 0,
      "leader": 0
    },
    "pool13hgadlyxdg306f43k9k950v6mc5nvanetszj0mxjh6wnuxwm9hd": {
      "pot": 0,
      "leader": 0
    },
    "pool13jm000zz435dewqrwjd5nt4p5fy467yk2ldu2m0yqz8ncejd5ky": {
      "pot": 0,
      "leader": 0
    },
    "pool13la5erny3srx9u4fz9tujtl2490350f89r4w4qjhk0vdjmuv78v": {
      "pot": 24342780982,
      "leader": 595510533
    },
    "pool13lqm9qxuvsrt6txassazk94jce6a3q63ppm3yej0rney265k07s": {
      "pot": 0,
      "leader": 0
    },
    "pool13ls4vfl0cznxjh0jm7kmzv5a5wf8e8uh27esucwm2f4mwt40sfv": {
      "pot": 0,
      "leader": 0
    },
    "pool13m26ky08vz205232k20u8ft5nrg8u68klhn0xfsk9m4gsqsc44v": {
      "pot": 47254643809,
      "leader": 3288292000
    },
    "pool13qyu46er2x2r6gqatghwlnjdld64kz9e3c4je36hytql7rdm932": {
      "pot": 0,
      "leader": 0
    },
    "pool13s22ldduwh07xr3xcesdsl89rujv4pehal6w3gdupv4rul4ntd6": {
      "pot": 0,
      "leader": 0
    },
    "pool13wj03r6wj8l2lyalxpg69kshsh9k3l0ejdv3f2auq339gl7un3w": {
      "pot": 746855221,
      "leader": 200401332
    },
    "pool13x9h4e00xt6vr7z7whr525lk0elzwtvt3z9pzqqrrhep2ztjcmh": {
      "pot": 0,
      "leader": 0
    },
    "pool1406426vectppa96tc54p0jpa335zn4793969udppzcj8qlfwech": {
      "pot": 0,
      "leader": 0
    },
    "pool140qtx3sfkm0sxlld059xt6vejwcawul6x70la9clml3kxruz6qp": {
      "pot": 1075983044,
      "leader": 373970580
    },
    "pool144pedg8hc3lr660w30te9jqv5zllaesegh8vt3ptft5s7qu45re": {
      "pot": 0,
      "leader": 0
    },
    "pool14773v3ddtf363gfcaah8424wtv3uczmk49vvjvhuslj653hfjpt": {
      "pot": 0,
      "leader": 0
    },
    "pool14eftq7myfpt5zfaa5eeswpf3w6s8jtnsnev806vmypkc5lk6y2m": {
      "pot": 0,
      "leader": 0
    },
    "pool14kjc0axlsazplwfz9epvn88s866hgn7mvaya5pzrevnwy5cvj6a": {
      "pot": 0,
      "leader": 0
    },
    "pool14mvfr40jveuche70n3mtqph783kwxktx02ke2twajuz455e2ul3": {
      "pot": 0,
      "leader": 0
    },
    "pool14pmq6d9ym3q98z9uw2cgp4vcxar6scpw0c50gksa3kxzw90sd2s": {
      "pot": 0,
      "leader": 0
    },
    "pool14qayv3w4lyar4lpg07jllrtd73azn7h2vztz0eezwxur2y0rg5h": {
      "pot": 0,
      "leader": 0
    },
    "pool14qcpfdnxugjl9gdhpdmvkcf72ruu4lrjfxn6v0zvr4al60lrmuc": {
      "pot": 0,
      "leader": 0
    },
    "pool14t88wyzkfeqex34hjtk7e773r8rx3erfxl6s4mckzzhtcdc2egk": {
      "pot": 0,
      "leader": 0
    },
    "pool150an6nge5wnpr9j2pduez0ff2n7wc0gfkmf896vwfmc8kqd7aek": {
      "pot": 0,
      "leader": 0
    },
    "pool15272x2srkjaqxs8gfuc5guj8jsjuhvja3znulwmh97kr2xwxxvk": {
      "pot": 0,
      "leader": 0
    },
    "pool152g6nqpmfelr7sq2809e0m5wkq0k0y24uqmdj3efz8r32t4t0gs": {
      "pot": 0,
      "leader": 0
    },
    "pool156a5fugj6xxv8d6vwnk9wmctsrk5p5xff8fsvpwhmraggq56w9k": {
      "pot": 0,
      "leader": 0
    },
    "pool158e08av7pux9guu574zfuaft90ejakxskqr3n36684g3cs6msmx": {
      "pot": 0,
      "leader": 0
    },
    "pool15dc0n2avq04xltwt8muj9nh58mudcpm8mhr0r5ven93qwcj8478": {
      "pot": 0,
      "leader": 0
    },
    "pool15kkydrvnkqyqq6zmlnjglskqwulka0qr95wgz84a7mzmufrnzj5": {
      "pot": 0,
      "leader": 0
    },
    "pool15lymw44dq5extwwj6kt49xckwj9f6ht8hl8ujxunzzjm2mllclh": {
      "pot": 0,
      "leader": 0
    },
    "pool15mss6pkavrgqe9xg4mwp20tu3pfglsvrt6zk54kte4ukjkf2kuj": {
      "pot": 0,
      "leader": 0
    },
    "pool15stacednny2nl2n07p2p6hdlpj8yu49vrpgcnxy4v9swurchv75": {
      "pot": 0,
      "leader": 0
    },
    "pool15udpynn4qj4sdtlfz400he4narmagth659nzlx83rmklq2773kg": {
      "pot": 873440853,
      "leader": 366672042
    },
    "pool15uue6svd6kjt9gjplp3a2z2f6sq79m0h7fx3fd3960g6chhudm9": {
      "pot": 0,
      "leader": 0
    },
    "pool15w7lejtrpk4868drc8h65cgmm504qlnzhh52e2yndgrs5a9w232": {
      "pot": 0,
      "leader": 0
    },
    "pool15wd2rnaqdcrjqxxrwlred8dvu2rvuxssc25xd9p0rc42y50cl89": {
      "pot": 0,
      "leader": 0
    },
    "pool15yv334wn9dzw5njtnzynkpg7967wnf6a4sxvx7tfrzjw2j3m530": {
      "pot": 0,
      "leader": 0
    },
    "pool160pfyrqp00up4n3t2xmpa7smd38ffd3ephc0a79w6kzkvk2jfu3": {
      "pot": 0,
      "leader": 0
    },
    "pool160u5drqagq5k4mwghps36cvq7e6vcptm5r8tnkpcpkhwvrm2gad": {
      "pot": 37975689,
      "leader": 37975689
    },
    "pool169q6y3lmn58xkv05uw7pvxcrjc3qewz4u8vkkh4t0acxgrrjtup": {
      "pot": 1063565055,
      "leader": 384060091
    },
    "pool16c0tqycyj7ztuwmnlv2hva76ec7dv3emslevrcjej8ph5lz3e8q": {
      "pot": 0,
      "leader": 0
    },
    "pool16cefgx8t9re4gy2qaapshxl34my5ya6ks7hje39k3pew2ejlkx7": {
      "pot": 0,
      "leader": 0
    },
    "pool16eqe8ngw7vfl4tltw3j2c4kjphu58xl9hwjuzmkwm2akghn9dat": {
      "pot": 1088662583,
      "leader": 1088615928
    },
    "pool16eta2yaat8cp6clzv6e5wt30c944w229xkslx0tq5ce4vg39vwz": {
      "pot": 1418401318,
      "leader": 687938782
    },
    "pool16hr6sjve8pcy9yucap0270rfdswsvpwfl2ksy8yp6vl9qk8u6zx": {
      "pot": 0,
      "leader": 0
    },
    "pool16rfj469javk35q62jg69yjsk4v5kw7x6qgd07x3hj3lss9l27ru": {
      "pot": 0,
      "leader": 0
    },
    "pool16x0zwm5j7lv0fvrla0z377sem7rha2lzwkgvsazu7nfzjtn83l8": {
      "pot": 0,
      "leader": 0
    },
    "pool170lseazv7knrlu2m7xzj852mngvn075x2vqgmdmdvmd05wwdxpy": {
      "pot": 0,
      "leader": 0
    },
    "pool175lu3gm2rmvqpsrg6m82zvdmqaaryeqmsvjj7qyvvj20vxunc60": {
      "pot": 0,
      "leader": 0
    },
    "pool178l32gz8uve9jfhh9sqz80rf680asc5gaxp4q5tnav0uz85gkj3": {
      "pot": 0,
      "leader": 0
    },
    "pool17cl7z0njlda4vl4vra5ef3yns5y0wgmka3mh55empdeuj22uaep": {
      "pot": 0,
      "leader": 0
    },
    "pool17hd3fxccyckape0hn2ddpetq3fa6xkx5gnnhse3c285r268t5h9": {
      "pot": 0,
      "leader": 0
    },
    "pool17k256w4nlkfxtpapyph4sgpchrw4f0hrqepssqy6k5ts2vgklc3": {
      "pot": 0,
      "leader": 0
    },
    "pool17lr0zh49w3leg4ya0ndkyea0dmpr8ksnqz5mhdpwn8zxqg56tte": {
      "pot": 0,
      "leader": 0
    },
    "pool17mq6lu4ycqq03eq479q0jlfg96y8r0c9pgnfn3l3p8agkdswm7x": {
      "pot": 0,
      "leader": 0
    },
    "pool17n848ynu33sprccmef0hpj48tl9g298qut9uadfnhuyd6zwj4jc": {
      "pot": 0,
      "leader": 0
    },
    "pool1862n3xnc2y49rezae700z423lnewx6k5hj6jk0tl0vz87n0l279": {
      "pot": 0,
      "leader": 0
    },
    "pool187jmkalfzyz5cdlw4mxz9t9n8plcxpj7ve7a74mk05umvufp7jh": {
      "pot": 0,
      "leader": 0
    },
    "pool187yqngpdck7j8pa7r9hhp3fpxem478fqw2nklyr59ppkwystqdl": {
      "pot": 189878447,
      "leader": 189878447
    },
    "pool188etalcyudyh4xuaa4mjahs62jujem35h3l02ht83zjusqvwdh7": {
      "pot": 0,
      "leader": 0
    },
    "pool188vupfvh4nkd307swe4y02jx36lr7ee5qglavska0ywpxrqu8ra": {
      "pot": 0,
      "leader": 0
    },
    "pool18aj2dag2cn6xr59mzxhtyyfu9kh0h9266s79z7l9hqlvvf69t4y": {
      "pot": 0,
      "leader": 0
    },
    "pool18alum6knwxaz2ku2k7zc78wa6k76w6c5l2l4pxg2j55w6wecdpn": {
      "pot": 0,
      "leader": 0
    },
    "pool18dx5asa2609c93lk6gawjynpcttum26469u6ljptz97kw00xnpm": {
      "pot": 0,
      "leader": 0
    },
    "pool18f0ftweczx8kyqv054ld4dpauc92pqy6uvr44wa6x8vhk7tj2m3": {
      "pot": 0,
      "leader": 0
    },
    "pool18jx0kufqqvhcjky7ml6s56lezuzrvxh8vt98ekpj4sz9wrp0q9m": {
      "pot": 0,
      "leader": 0
    },
    "pool18q5sayzqekqvqyenlkgaarlza5jxzhkyq9akc9qr5ytgczkjh23": {
      "pot": 0,
      "leader": 0
    },
    "pool18rygfjne9pgqrx6lxtwm4hhvf4nd7ftg6q8vynzxylawkusrtxl": {
      "pot": 0,
      "leader": 0
    },
    "pool18svpptnxfctewpx7ntnmlazy4w9cr24f4rcq8smkvpggw600ql4": {
      "pot": 785084089,
      "leader": 785084089
    },
    "pool18uptuw2h2adryvnkhkavj3u2fum0lnemwxaxv9p7exy2vcwhrpe": {
      "pot": 0,
      "leader": 0
    },
    "pool18ylse5vwz63ahy85zsxuttzy7u7zadnjq9kawpa7yqry7dr9zna": {
      "pot": 0,
      "leader": 0
    },
    "pool1945cfqzmy2qe2z59mfdwm7jwqtucncfee5xkd8f4wu97zr8xuys": {
      "pot": 785084677,
      "leader": 785084677
    },
    "pool195w26ls6y937srmlk6xpv4pxsaam4zatu4lxp2cca726vt7w4ls": {
      "pot": 0,
      "leader": 0
    },
    "pool19658g9m7a6e7vtky76aefcwmm75wegf9xs3t024s38l87rqq4ky": {
      "pot": 0,
      "leader": 0
    },
    "pool19d8wgkqn7pc33y0uy2t5vx0922nvzv0a5999ejj0fjdyxjxdfve": {
      "pot": 0,
      "leader": 0
    },
    "pool19u5hvwc7hm5wrs0tf5knh7373p88en9gt2tyad5yjfujy29676m": {
      "pot": 0,
      "leader": 0
    },
    "pool19zdqgm9hmstrjc36jh8wke5sa6t9wjaeyx6u8yza69d52crgvtd": {
      "pot": 12658727,
      "leader": 12658727
    },
    "pool1a28qxpdfculv8c2q80jfjhy0s385w25uzpmcyzy5dkz9qwgtt35": {
      "pot": 0,
      "leader": 0
    },
    "pool1a2r8szr9hqcrjw0jr0sy8mryqqm5tw4wumc23rqw8t252ah0w4m": {
      "pot": 0,
      "leader": 0
    },
    "pool1a3nhq8gd5c55eye6t5hmmclv4yvtctg72ckcjze8e00eupftylh": {
      "pot": 0,
      "leader": 0
    },
    "pool1a5fy9pzm22r0w9avdu668s60yg3j894prt7ys4yplkpmu9ykv2q": {
      "pot": 0,
      "leader": 0
    },
    "pool1a9qju4zhpxj5ywt5ez79zzjhszg47kk2dq4stllvs5qywmlv8cj": {
      "pot": 0,
      "leader": 0
    },
    "pool1al30ghsq7n335v9zdrnd0dpuva435c9yqtsrvphsfcgjytz3exp": {
      "pot": 0,
      "leader": 0
    },
    "pool1am8e6xumuc2nyrh6d36586r2yuctha0gsj029vpr8ahqvatwwrq": {
      "pot": 0,
      "leader": 0
    },
    "pool1amrnegn99cdwj2zjr90lx2yamxg6s0d7t7vf7phpe94kga9gg86": {
      "pot": 772490337,
      "leader": 424807024
    },
    "pool1ausmtj7pg57n49cv6pnm6vakuakya38jwrqde7wgnfk4wqycwu8": {
      "pot": 0,
      "leader": 0
    },
    "pool1aw7fkxekw2w28f3ug46rwn8nf8lchyhy2aec3tvaw70r6r2kr0l": {
      "pot": 0,
      "leader": 0
    },
    "pool1axqjzy6mtr7h0cm6trz36fjn4d33qvlu7a6yxaxf2f6wuarlh2k": {
      "pot": 1012962548,
      "leader": 397107385
    },
    "pool1c2k44smpn99j4xmt8wy2g6rarr5q038hz38wvaaw7nhmq65thre": {
      "pot": 0,
      "leader": 0
    },
    "pool1c3ez592g7wp2rf44guwp2cq8cpxnn39mgv0790f9kmjk77p7aat": {
      "pot": 0,
      "leader": 0
    },
    "pool1c65t3mxfvvxlm5fg3hlw2aakk3r4e9evmgycxjnu6hkyxu5yfmr": {
      "pot": 0,
      "leader": 0
    },
    "pool1c8u8gmxepqu93adxh7c2pgrgutmyufkezpy454h06r24knmt7tk": {
      "pot": 0,
      "leader": 0
    },
    "pool1cap99vewanqjy4ejex7z5099hqkqdp0y2fatme9cdcsuy85rq06": {
      "pot": 0,
      "leader": 0
    },
    "pool1cg74u7gq3kx2yjfzrwkrxnsk2kase7z7n6tr5vvdnstukdtjz5z": {
      "pot": 0,
      "leader": 0
    },
    "pool1ch2t32x83w6ncxa6fgv9u0zfsmgrrhv02u5phn83kajcgxw4cd7": {
      "pot": 0,
      "leader": 0
    },
    "pool1cmkjkxmk8hsf4dwxy6cng06arcvyk5du06jk6nxu2fj7kckv070": {
      "pot": 0,
      "leader": 0
    },
    "pool1crsjjsvp9tppqrs4tdjqdxze4xxdj9jsrdxajytrp57s2797uvk": {
      "pot": 0,
      "leader": 0
    },
    "pool1csef5r4287g2fn6ajvetamd0y4sevuxkdwj9ulwc57crx8u88zq": {
      "pot": 0,
      "leader": 0
    },
    "pool1d0x6sj6f50h2d4ydzff76nupu24qma4azng7a44ffgxj2hw2jra": {
      "pot": 0,
      "leader": 0
    },
    "pool1d20fqynupcwz54chju55syfz3nms6h3kazwy9a089ghm2t2lzpg": {
      "pot": 0,
      "leader": 0
    },
    "pool1dg720fqut6y60phvxzk4pe639wvc2du65mv0yrnm8w6e570ct39": {
      "pot": 0,
      "leader": 0
    },
    "pool1dje2qc5gp7t7sjgd5j6tse9smkwq0kezsccy8jkxr507x0aw4h3": {
      "pot": 0,
      "leader": 0
    },
    "pool1dmjagfyekz5vpfkdap7axpm8khhshnj658ukuscphgr76m4lef2": {
      "pot": 0,
      "leader": 0
    },
    "pool1duwr8s97tsl6qqwwqnul5788ne949mlm5u6d2zq7dwpr2r4sd3t": {
      "pot": 0,
      "leader": 0
    },
    "pool1dvwuefdyt53wt54t7hk8lcy4qsdg5jyww9nk08v9nrprs2uwk99": {
      "pot": 0,
      "leader": 0
    },
    "pool1dyy58ustunahrnk6gfmupfxsv99stqnrruxqvj5sjfk7vel02jr": {
      "pot": 0,
      "leader": 0
    },
    "pool1dzxc7pqsqfs7dru7xdrkvkdf9s3kd4y2tqsdv063d2lfcxw6zmg": {
      "pot": 835467176,
      "leader": 405333257
    },
    "pool1e0arfuamnymdkmjztvkryasxv9d8u8key27ajgc4mquz2nr8mk9": {
      "pot": 0,
      "leader": 0
    },
    "pool1e0mu44gtaglzv3507aaw34eyhw6jea93d7zjywsr5yfh20h4zv8": {
      "pot": 101273053,
      "leader": 101273053
    },
    "pool1e303tg8cmmgcjd89e30c7u7tz52ct0nguq4w4ryjj4422y99u23": {
      "pot": 0,
      "leader": 0
    },
    "pool1e7vegr50kmr4cffv4jn4fpym997zzs20gq65w5x06snqxxyfgrq": {
      "pot": 0,
      "leader": 0
    },
    "pool1e994rxs8glsefr5rqtagnl0y50e8nrejgqehr7mg4su2gtrvxwn": {
      "pot": 0,
      "leader": 0
    },
    "pool1ece99q865t5u0rmx88z4ev0cut0pqarvqg3mq4zmhde3wqsdhcq": {
      "pot": 0,
      "leader": 0
    },
    "pool1egu0kaxmv3zu54xd80p9u0dcalnywmfru0qnm43hjvfzqa5zw5x": {
      "pot": 0,
      "leader": 0
    },
    "pool1eudmugh8x6ys05lh8kaaf2y0w0y52lf3s0gx0s70q694ksq6t7y": {
      "pot": 0,
      "leader": 0
    },
    "pool1ext7qrwjzaxcdfhdnkq5mth59ukuu2atcg6tgqpmevpt7ratkta": {
      "pot": 0,
      "leader": 0
    },
    "pool1ez2wz52f605j0qd9nc35hw0pund5zp3fwaqtgv2tyzy25kmkr0n": {
      "pot": 0,
      "leader": 0
    },
    "pool1ezt0htr2q0qjxfv8myeqegfqla5pfxq2guk904jmzf50ya343u0": {
      "pot": 0,
      "leader": 0
    },
    "pool1f5d6h7qv4q6kr5v5ymegdgvfp3tyznudq6xugdt7nwd6ga0szem": {
      "pot": 0,
      "leader": 0
    },
    "pool1f8c7lz93ysh00k09lwm8uycrq7plxsz5kqwd7cyq9v6sgvf6cnl": {
      "pot": 0,
      "leader": 0
    },
    "pool1f9p9jzdvq68dzl9f6svw0ss2e8r7zftfswgytlp2g7zxcf6z89u": {
      "pot": 0,
      "leader": 0
    },
    "pool1fd7g2qs8sysqvysm2vuv4mhlpt5x4gpe4arpgxjp3y072nqnm7q": {
      "pot": 0,
      "leader": 0
    },
    "pool1fec6npl7y4qxt4dwvmlgd48488mm4uu6kcdy2yth7kcskmxry7g": {
      "pot": 37975689,
      "leader": 37975689
    },
    "pool1fn03vv9hxw5zq0wvc20v5m6d4g4dr6a55m3m068l9a826h0k74y": {
      "pot": 0,
      "leader": 0
    },
    "pool1fq9e09gpyqqanrx02yevnw2kpqf063mlw6adjt2yh4zc79tckhf": {
      "pot": 0,
      "leader": 0
    },
    "pool1fqq5dr93h874745hyn4kl7mlvq0j9l67j4grxehnpyr3jvmxcym": {
      "pot": 0,
      "leader": 0
    },
    "pool1frc4f6cr8hwkjraygrhsvkl840xdv0u52g96k05lrd3tyeskmx7": {
      "pot": 0,
      "leader": 0
    },
    "pool1fsv7u3actd93792f5nka66080l2m0elu69tuvk74qz8g5sukff0": {
      "pot": 0,
      "leader": 0
    },
    "pool1fxqkwkutajp2vr7t3vpvt4sgy7gmlxetgnyh57hkn7ru2rf96a2": {
      "pot": 0,
      "leader": 0
    },
    "pool1fyssphxavlclpddydsx4k3zdg04j6rkshkxvf7wedny95tvqyla": {
      "pot": 0,
      "leader": 0
    },
    "pool1fz8qe58ywqgyrvph5hwv4veualuwvy6uvwyzg3hajrynzgmcre2": {
      "pot": 0,
      "leader": 0
    },
    "pool1g20peax827vmg9yyqfzj4g8d65fpz9y9uhsuhe70jwmfvaceg2m": {
      "pot": 0,
      "leader": 0
    },
    "pool1g2ztg53vvf7233vnz3ff7wedx7lp6qnpp0nwt09kyqygycj0k6n": {
      "pot": 0,
      "leader": 0
    },
    "pool1g74nu0hezqzd07jdk75gvaf665rrzwqnz2784xe0t5td5pj497p": {
      "pot": 0,
      "leader": 0
    },
    "pool1g74v33gkx84x94tep4qwrczkwwk8l075sslne2vrmn9jx95rfqa": {
      "pot": 0,
      "leader": 0
    },
    "pool1g8aqrg8u9uufjrsvzt78cnqk3fws4r298p9esw0exd2mqav0yl2": {
      "pot": 0,
      "leader": 0
    },
    "pool1g8yh6lekmzm7jj5ja86nn5gnszwefnv25tfxtar9uhm82rpy249": {
      "pot": 0,
      "leader": 0
    },
    "pool1g9gkpj6kdt4gmlhnf7yzv7y9u2qstp3r0tm4f68a47ukztaqe6q": {
      "pot": 0,
      "leader": 0
    },
    "pool1ga327ax76twamq0zypgxrc2n0g9dvwhsr3rkwf6rfl426mp8m2f": {
      "pot": 0,
      "leader": 0
    },
    "pool1gc3u9crwkr4wxk5ctgprxamqusqrscf22lrgkc02hn8rx39mcgg": {
      "pot": 0,
      "leader": 0
    },
    "pool1ggurf2dnv9qh7k8zt9hha2fjtv26v2uy0w23vvf0q7snjqe42mm": {
      "pot": 0,
      "leader": 0
    },
    "pool1gme3a0y0hqz2kmyvn5kqp6ngf74nw2uzypvw0ynxrfysug6p9fz": {
      "pot": 0,
      "leader": 0
    },
    "pool1gmxl4hv5hxh8vagw26r6av0pwhxemye8wv2hl30e2mehvzmzk89": {
      "pot": 0,
      "leader": 0
    },
    "pool1gnyw5vz8ry8zjhx5zxrtdg0yqc5m0h3x86pj326zumjlw2xu944": {
      "pot": 0,
      "leader": 0
    },
    "pool1gvfth5tq0hdy3md9j33ee6wat7k04lnwjq4kmkjpmmrj7l99sxs": {
      "pot": 0,
      "leader": 0
    },
    "pool1gyw5ysgwudxzl9nw0eujm4m3f8vzwx3e3jzy93v3x4jvq42fpux": {
      "pot": 0,
      "leader": 0
    },
    "pool1h2ag7yej9veur67zhu0gqk7caefsqetl7tq0qaymezfwyzh0ec7": {
      "pot": 6634837455,
      "leader": 748419922
    },
    "pool1h4c9vz3f4rmkt2hc5y80kt4r5lcajq76hetu7ju29ley7acvclp": {
      "pot": 0,
      "leader": 0
    },
    "pool1h4n2c2g6c5saatezzs0mpe0z7rknmf33txulf8sl2q9v7e72nky": {
      "pot": 0,
      "leader": 0
    },
    "pool1h4w59hqkzn4l546a8q0yjlf94jz9tv85qjca4pjc9lne58ft7pz": {
      "pot": 0,
      "leader": 0
    },
    "pool1h9rvj96leksykmj6v5zdwwc352ln875g5mdqeexzstrwudkddmc": {
      "pot": 0,
      "leader": 0
    },
    "pool1hfndr5ja3w7ptzhpjsds8f2eye3umg6nj8t7cq6s9vddj9q70k6": {
      "pot": 1265952662,
      "leader": 224773280
    },
    "pool1hghdaa7chn4hykkf9h0g0yqpz6j93gexvllz0w6p93y72saukmp": {
      "pot": 949392277,
      "leader": 490459306
    },
    "pool1hgsnn5yr0g5rnhqqaf8g26ldsvuhavhkfmyxdjlparr6xvp425n": {
      "pot": 0,
      "leader": 0
    },
    "pool1hlsuxcuylukyjwxv06x5r77mtwwmgyuw3jrljntn0mqcvqy503k": {
      "pot": 0,
      "leader": 0
    },
    "pool1hsxu3tfj0mfp2ncpg67rj3kywwqvu2p3k0cqr8fz0ghnxjfyy55": {
      "pot": 0,
      "leader": 0
    },
    "pool1huftf4gt4qm7ckprs3zt8gjeva4hkfmqsk8le9w7rxag6mhxms0": {
      "pot": 0,
      "leader": 0
    },
    "pool1j20l32n8un5gce4adk44n9zks8cdvnk3amgursud847cwnpgeg4": {
      "pot": 0,
      "leader": 0
    },
    "pool1j55ew47zgftph5jkf6qsuuhxwu0tjf4fvln6259mpqn06xcktvj": {
      "pot": 0,
      "leader": 0
    },
    "pool1j5ykmf5a87myg947w2svnnj8f3evt8dqmvv624kugv9tcwwk8vr": {
      "pot": 493707591,
      "leader": 373526973
    },
    "pool1j67m773nj49h0h3dha8x7s768d5w4z3t9t8emnlulc8au9tzfvt": {
      "pot": 0,
      "leader": 0
    },
    "pool1j8jjj8y07k5kh2ur8usekj5w0y4swl8khd2lgn8ghlfsuwexwf9": {
      "pot": 1139270677,
      "leader": 366108228
    },
    "pool1jaed3q2trl0n6s5mwd0tw8s9k4uheqr7ytpfne034lrh2fj7wd7": {
      "pot": 936735699,
      "leader": 463434397
    },
    "pool1jd86ej2sqk5h4d9y0gtd6qquqvpdw0cdhtny7epcyh4rjl8wrsr": {
      "pot": 1417793131,
      "leader": 1417725956
    },
    "pool1je73q7ax8h2ke74n3l93r09p0qshvnyrnp0rlrckn5xjchduktz": {
      "pot": 0,
      "leader": 0
    },
    "pool1jgl6h9fyy8gqt593ah638kqps4ls7c78d5p00we6qlzycdmhhvq": {
      "pot": 1075978220,
      "leader": 506068551
    },
    "pool1jt6tf4y0eshz0agzww8dc44wqt5kk8ytu730yww37acykezuly7": {
      "pot": 0,
      "leader": 0
    },
    "pool1jtsar7k09zne4wzlen5ctmxa8mjuzwmzp9tmdxdul9f2q70074k": {
      "pot": 0,
      "leader": 0
    },
    "pool1jv7euu69zch46rl9a3nenaa50pwypjk6g7uzy5qzf3s76tafy72": {
      "pot": 0,
      "leader": 0
    },
    "pool1jw898y658nejvaw7slrt5rfjwa7gky8lk6hy24l2gs3kqqesnfr": {
      "pot": 797527575,
      "leader": 187519261
    },
    "pool1k2r9ys5jlj3m0n0ytjj8fhzwaxffksvy53w3tkw888cgjdhqsru": {
      "pot": 0,
      "leader": 0
    },
    "pool1k4nqdlvd9y3l4rfgj8fm80mcrrgcvgkx732x0n04jqfakxy2dvd": {
      "pot": 113929670,
      "leader": 113929670
    },
    "pool1k6a0z9xshhar2sltamm7k3qlnpnvupyuct63kp0m7wv4u7f00p4": {
      "pot": 0,
      "leader": 0
    },
    "pool1k6nh3ay7u49sr3qfv8q5dhf4nh0n4p9rkh3zye9h76wngxyekz8": {
      "pot": 0,
      "leader": 0
    },
    "pool1ka0prnwsau3v7mrffw8zlk4gvq7aun2hsymlmxpkens7kkpm5aw": {
      "pot": 0,
      "leader": 0
    },
    "pool1ke9h4mggr8ttf45ale5dv4ntkvuw2wkvm6la4mv02688xuy99qp": {
      "pot": 962251898,
      "leader": 211670614
    },
    "pool1kgzq2g7glzcu76ygcl2llhamjjutcts5vhe2mzglmn5jxt2cnfs": {
      "pot": 0,
      "leader": 0
    },
    "pool1km5tjulmhpwyrarkda3dpp3pvp5adcz6djz9sqx8p5pnyvelxgs": {
      "pot": 0,
      "leader": 0
    },
    "pool1kmmwsywmkus520vhk82k9uvtlx09r50ukn80pn2xr26jjmm6ltc": {
      "pot": 0,
      "leader": 0
    },
    "pool1kp6y5wt4ujewtlqy4nqtcemgy3ekkq0qwa6vwg3pqq8gjm6d7j3": {
      "pot": 0,
      "leader": 0
    },
    "pool1kxk8w4c5t68dvu9k6xwfy8slamltwwerl0kmqxqkk5yx7ndrfpq": {
      "pot": 0,
      "leader": 0
    },
    "pool1kxtrz8evgdrwwrdajhwweng6k8eysjvqgn59r8a5wkqw6rlnvv6": {
      "pot": 1000349644,
      "leader": 1000349644
    },
    "pool1l8ywwf6nfrfmrg6edj2qjh6rxpuepnzlsq9mhvjk9xr9swkht93": {
      "pot": 873445060,
      "leader": 309505846
    },
    "pool1laacstav6s62exgvg2f65c8nhz5qzmn665tyfyu4jl5sckpz52x": {
      "pot": 0,
      "leader": 0
    },
    "pool1ldt5k4gjm0vr26a45n7g9vu4ffk47hlyqxjvzefwss20gppeag3": {
      "pot": 0,
      "leader": 0
    },
    "pool1lec5sxj3hzwz0f0t597r3g52a6lryv0v3vu3n382u6qpuqquhw6": {
      "pot": 0,
      "leader": 0
    },
    "pool1lenzcfx02maescnpv8mk6gc6c59t0dramqucdgcvr4revw89xpz": {
      "pot": 0,
      "leader": 0
    },
    "pool1lgd9u8nshsh60asqszepfaalt2c5c5w6fvc85xne9st3g3fwtvm": {
      "pot": 1316522196,
      "leader": 1316460281
    },
    "pool1lhknlva0yzrz6uty8wcct4eyurgz2ghan2y4mmudn3xkq5sdcus": {
      "pot": 0,
      "leader": 0
    },
    "pool1lk6cxjaqd66t4t74q4gd9hymxapd93fvchhxt0uxwwprk9m8v6c": {
      "pot": 0,
      "leader": 0
    },
    "pool1llsrnl35k82ytcnxv2hnxgc6grsynucszhxtjyefa26r78ky5pd": {
      "pot": 0,
      "leader": 0
    },
    "pool1lsygahp0r97tdt9ed7dx8g8yx7du96hmvh85q74ccwc0w5zfamj": {
      "pot": 0,
      "leader": 0
    },
    "pool1lzz7qqyx6g4dycdlppmftswxugyyw86rtzj3y6yyrj7wjl94rcx": {
      "pot": 0,
      "leader": 0
    },
    "pool1m3t4nk54p5tnl24gwpakkyej4u4ad4efkf0c9cmspc3p543aqnk": {
      "pot": 0,
      "leader": 0
    },
    "pool1m7xzrlw358czfundrytv82hw5wksg8sgxa23y9zpgey5j9ns5ph": {
      "pot": 0,
      "leader": 0
    },
    "pool1m8crhnqj5k2kyszf5j2scshupystyxc887zdfrpzh6ty6eun4fx": {
      "pot": 1531796099,
      "leader": 404200670
    },
    "pool1ma3z83uxmvpaxxl3gp6zvgqqcdfdvd3spqy2gz8f0094sxtx2zp": {
      "pot": 0,
      "leader": 0
    },
    "pool1maydque4d3nnj5vekfsegymtxh3uauxlywd79mytdav0y3ggfqq": {
      "pot": 0,
      "leader": 0
    },
    "pool1mhmk5qndxhse7xsjectzrrhj44uq9uc4a4x6v9dae4us586g4ww": {
      "pot": 0,
      "leader": 0
    },
    "pool1mlse64uvz922nax8s8xv044rr7qv5zv7ppuhrsx8ht4yq845ne8": {
      "pot": 0,
      "leader": 0
    },
    "pool1mnp9rma5zcmqutjw57uek6uug5w5espzljtppvcqygutqevuxt8": {
      "pot": 0,
      "leader": 0
    },
    "pool1mp96jpc2dtaruz0cazmljh03dev0969c4rq3wr6hnc4rjdxn8aw": {
      "pot": 1508714589,
      "leader": 732531813
    },
    "pool1mtyjt95svreuxl46xnww3m09afp0pfggf6m7j8ewa5tc6qmndce": {
      "pot": 0,
      "leader": 0
    },
    "pool1mv0kgwy8pghc0l2kr7dueeaf756a6pvwe0zp0umdpmug565r5hn": {
      "pot": 1227880618,
      "leader": 362177392
    },
    "pool1n4djuwkk8jvcywzh5dzgh5qhs5h0ugvyy5ahfhdc97x3qhnsv5s": {
      "pot": 0,
      "leader": 0
    },
    "pool1n5hmumfnhzpk94cec4kux2gc9rgcq5jqxqp8pvn9ek2kzgqtw7g": {
      "pot": 0,
      "leader": 0
    },
    "pool1n84mel6x3e8sp0jjgmepme0zmv8gkw8chs98sqwxtruvkhhcsg8": {
      "pot": 0,
      "leader": 0
    },
    "pool1ndxf966uknq89g8xvurh0cduskr2yq4ua678qt5pkyc4u6eq0mv": {
      "pot": 0,
      "leader": 0
    },
    "pool1nfn2m3lq52hw6l8lq9nlag4lsdvlav2zdl9saptfelh07arxfc5": {
      "pot": 810151939,
      "leader": 374234034
    },
    "pool1nfwteq3rsk6uzxwncj7vdaqggkd263n038hf6xhwrj92v0cs48x": {
      "pot": 0,
      "leader": 0
    },
    "pool1nj7z8vrq2m2u052cv58srudcrj2k3na0pqz9evc3n498wvm65a2": {
      "pot": 0,
      "leader": 0
    },
    "pool1njr03m7t9k808fcav8phxnskacr4v59w5cnqgqsgnug2j2lvn85": {
      "pot": 25317720,
      "leader": 25317720
    },
    "pool1nkc9txh8rtul3zwncqtc4acdp3hd8kzjtnmu43aq9e8lqs4e5fm": {
      "pot": 0,
      "leader": 0
    },
    "pool1nkfqdhfhqan2s8p7tsj04vfgjspv47wjkc0tzne7943nglyjkjw": {
      "pot": 0,
      "leader": 0
    },
    "pool1nkzh9k8n3cl9lskzpcga5047pgp0ksxu8mlmmm7ysutw2ux2ygy": {
      "pot": 0,
      "leader": 0
    },
    "pool1nmfr5j5rnqndprtazre802glpc3h865sy50mxdny65kfgf3e5eh": {
      "pot": 10767858962,
      "leader": 5145259730
    },
    "pool1nnmpqky7kcy67l0mhvknqu5qpxs0u6xw5cyrer0r92e4k84mthk": {
      "pot": 0,
      "leader": 0
    },
    "pool1nprz06vaq28d8kt8tur30v7j4h0drg4538e6uh6agvz6vxnnjfr": {
      "pot": 0,
      "leader": 0
    },
    "pool1nqcfx7mp2fhsww2xy7qc9xwch0uueqcjlvwsh4fsj488zyvfknj": {
      "pot": 987368396,
      "leader": 364455872
    },
    "pool1numy3c5kc4a2ju3d54m9ekvvagphfgvwnuq4kc4gxql6jlcny6r": {
      "pot": 0,
      "leader": 0
    },
    "pool1nxxa0gyygv8msrfqfww5wq80glxadkda450gavkg00p26p2fqyd": {
      "pot": 0,
      "leader": 0
    },
    "pool1p9ldx03yshlzj4dlhlaxd59nukysjd3mldc8cuv5ae897q7ky2z": {
      "pot": 810315264,
      "leader": 793720060
    },
    "pool1pdw2tqeg70crgwy3puz4hlffl3u9lr2t5katsz63v2w6jfl0gn2": {
      "pot": 1202564206,
      "leader": 204285862
    },
    "pool1pf8d83wvzxsyfnl3dacy2kyvndhkex8hz4qzdgar740jgk68edd": {
      "pot": 0,
      "leader": 0
    },
    "pool1pgy4kgms6kv6xrflv7qq07mdj8wj42zdu66f3kny78ly68upg79": {
      "pot": 0,
      "leader": 0
    },
    "pool1phgtk3jgdyq2ldsqae3d4kap8l8pq8lyadqacvfhcdxpzkpzfpc": {
      "pot": 0,
      "leader": 0
    },
    "pool1pkvs666cwlra94wqtc3ww0cc2a7zkhxldl6ktzyhu47kyjgue05": {
      "pot": 0,
      "leader": 0
    },
    "pool1plld4snskqnegqu3dzkuq763e3xnh47kujjju6kvh56ej6suwd0": {
      "pot": 0,
      "leader": 0
    },
    "pool1pmvsu5kmy9nt82qwqugcsku5772sls8r3x99ww5tnzcwjzpvy4n": {
      "pot": 1265886720,
      "leader": 632235810
    },
    "pool1ppmh24gjlhxrc7etpczwatehg9tfhh5v0kk2g3zgpxnsx5et0yy": {
      "pot": 0,
      "leader": 0
    },
    "pool1pq2lsk6vvruptw333j32lgg4qhyt6eljrc6rhzguxq0uvy5vklc": {
      "pot": 0,
      "leader": 0
    },
    "pool1pq4f0yt7cq9dz6tj6sj6eqnncem9m66txvuuv6d6m6jrq0wcdgv": {
      "pot": 0,
      "leader": 0
    },
    "pool1ptyjx9c5tq47up4ggz6yy5672xmwcz3zr63cqc2cv8v9qksu695": {
      "pot": 0,
      "leader": 0
    },
    "pool1pzdqdxrv0k74p4q33y98f2u7vzaz95et7mjeedjcfy0jcgk754f": {
      "pot": 1164588040,
      "leader": 509925656
    },
    "pool1q37r2nxhmj4vlcyxedp9t6ganl0re3hzf6l9r0jz5w66umy0n75": {
      "pot": 0,
      "leader": 0
    },
    "pool1q3gnyefcxdsnldjur0ykd8fluct66efkrv4usjgd2xlwuhne8j2": {
      "pot": 0,
      "leader": 0
    },
    "pool1q4lgjl4snm87782n080vnj0xtylgfvhkv637c8jsx9k2jvnu7ng": {
      "pot": 0,
      "leader": 0
    },
    "pool1q4qwj2j75r04ctxgus9fafshx2wwypugl35uansl5hk5s5hnt2f": {
      "pot": 0,
      "leader": 0
    },
    "pool1q60vrsckzetz72m84rsxhny94mdk9dvduxz4nwhw642gjqawcyu": {
      "pot": 0,
      "leader": 0
    },
    "pool1q8aduy04kxq8y79jm9yp3u2fcx0rzkfrratc7qjkf22mqk8ypgl": {
      "pot": 0,
      "leader": 0
    },
    "pool1qata6zlvsd72vz9dqnh3733xdv9qyrdzghh7hn5tdn02vl6evww": {
      "pot": 0,
      "leader": 0
    },
    "pool1qep8gwqux539qqtxhr4h8ea07qyc0jq3aak5jjcxzqyavuet7ya": {
      "pot": 0,
      "leader": 0
    },
    "pool1ql8dn9lm02v5ezdjwrteg4v48rxtyms5zyaweady2rqmw055f8s": {
      "pot": 0,
      "leader": 0
    },
    "pool1qp2xfc2eml6ut7xvy20rlvc7vwxej0a5c07emt4v3nr3xju7rw0": {
      "pot": 0,
      "leader": 0
    },
    "pool1qs89kqynhwcg0hnelppxtrydtaxc5y0x3ztvhr5xlmdpv4c20qv": {
      "pot": 0,
      "leader": 0
    },
    "pool1qv4qgv62s3ha74p0643nexee9zvcdydcyahqqnavhj90zheuykz": {
      "pot": 37976501,
      "leader": 37976501
    },
    "pool1qvfw4r3auysa5mhpr90n7mmdhs55js8gdywh0y2e3sy6568j2wp": {
      "pot": 0,
      "leader": 0
    },
    "pool1r2k8y80zxvqjyvyy3xg8r50892qcewgm38z6pcy3uk8fky4rkl0": {
      "pot": 0,
      "leader": 0
    },
    "pool1r6zamscm3pqe65je0570rgd07qxajsgr5qgx80hmquwmsxl8mmp": {
      "pot": 0,
      "leader": 0
    },
    "pool1r76nahvpllch9k6u25g6kgmn07qtsk2w3qkqew06zxacw3m55sw": {
      "pot": 772172347,
      "leader": 772172347
    },
    "pool1r9lez5dne3gxe6yjpe3rl87kqweff9uyx8vkv2kk3yprs2k725u": {
      "pot": 0,
      "leader": 0
    },
    "pool1rccstu3l9ty3k0a5cd06fl3szsss9r34dcg5j38fqgq9kvng0tg": {
      "pot": 10703312606,
      "leader": 4262960944
    },
    "pool1rkfs9glmfva3jd0q9vnlqvuhnrflpzj4l07u6sayfx5k7d788us": {
      "pot": 0,
      "leader": 0
    },
    "pool1rr53gk9vaxqhvm0uuvyu4yzcvuc5zxqktvcl39k9swhewvaf7t2": {
      "pot": 3188840837,
      "leader": 1182325553
    },
    "pool1rsrah5my3lns23ghpdhk6wgpxmqucehvsvex7hv55r7nuyyrfel": {
      "pot": 0,
      "leader": 0
    },
    "pool1rstkgcnzexnacmv99ycaf6nd7sqxmd9w279v6cmq5dehus8w0aw": {
      "pot": 860782290,
      "leader": 366039114
    },
    "pool1rsx8tp9ntpvzq7r9xtmzmv7p3veyhpgw2t06mrhzlllw5l7ff34": {
      "pot": 0,
      "leader": 0
    },
    "pool1rtseflldkqytw7lm3mpek9g5m04ennkv6ejysxqjj52zyaq46rf": {
      "pot": 0,
      "leader": 0
    },
    "pool1rwghc6nncgueexc87t9zc556fdyach66493ndsdvukhakydsa6w": {
      "pot": 0,
      "leader": 0
    },
    "pool1rwrtuuj2cqw6kfhpwragyzkuzzdj35rrgd07aku78uz7wucydjd": {
      "pot": 0,
      "leader": 0
    },
    "pool1rymgeu3pc4a847sksu8ulxgypeq5ysf0ccywgwkcsgr9cmay57u": {
      "pot": 1139271227,
      "leader": 402852292
    },
    "pool1s02ue5qr6fw937k5hcfrdwv0wdrsz0e5269p5m6es4m7xyn2kcn": {
      "pot": 0,
      "leader": 0
    },
    "pool1s04t5eyvf6p73fwr5zc4pcqrpz54nshp5ruuvfc8kshygahyq3x": {
      "pot": 0,
      "leader": 0
    },
    "pool1s2drn889wxgszm055z4hj5nvevdtdx9q5lc66lwdvmcl2nvdq9y": {
      "pot": 810151938,
      "leader": 517159614
    },
    "pool1s7wetfttn723hvdxx3wusz7yrxztzdfu6dm5nu4j6tuj6xcz2sj": {
      "pot": 645647215,
      "leader": 396188436
    },
    "pool1scqanlqepaertn4zsr2cuf9pspgpwgrpq7s3zsrkd4hdsz6q7kh": {
      "pot": 0,
      "leader": 0
    },
    "pool1se43tfl325c0mgmd3lfvleljllsm9hkzmnhr45ujhx0mvgtahw3": {
      "pot": 0,
      "leader": 0
    },
    "pool1sew77wmm4ygdn2trm55fgjck895fyqvnnqqgmwuty86q5aukla7": {
      "pot": 278506743,
      "leader": 278506743
    },
    "pool1sm7h08std605lgr50dhajrxs0dh6jr7wskuj3j9em57w6tw8tuw": {
      "pot": 0,
      "leader": 0
    },
    "pool1suqa64z86ht04r26lhzd2zdj2329nmt76f5u98djvy99xc9fmjr": {
      "pot": 0,
      "leader": 0
    },
    "pool1t2hm2nqf4ju6ay8nn0h2zgcatdkfpnpawuzz9ru79709q03ajfj": {
      "pot": 0,
      "leader": 0
    },
    "pool1t89nwdvpm8zc9whhnkr2mvvzayu3w9m06jc9yrd28w7lvm2r0y3": {
      "pot": 0,
      "leader": 0
    },
    "pool1t95f2kval0ratng95m7kqf5xch462gdpde62q9cr4849uehxmqa": {
      "pot": 0,
      "leader": 0
    },
    "pool1tcxnnq73yw07v573w2duesa8d4j40ghfkxg5fn37eveaz20gzs7": {
      "pot": 0,
      "leader": 0
    },
    "pool1tdj08vm0ysfe7gq75pewdq495frfm7259dk6v65xtcw9gkh5q0u": {
      "pot": 0,
      "leader": 0
    },
    "pool1tfqkatkvqujhm98fymsr3jqgz9hlu69dyvqagg7cn40jcm4gnn9": {
      "pot": 0,
      "leader": 0
    },
    "pool1thjxx384wxxeznx5a593ejuaqdqx6e0yq5z5f38jzwpfzytu7dc": {
      "pot": 0,
      "leader": 0
    },
    "pool1tjc56tq7adk64nnq2ldu3f4nh6sxkphhmnejlu67ux7acq8y7rx": {
      "pot": 0,
      "leader": 0
    },
    "pool1tlpsswg9ev0frsrcgukpz5nsw5gcetldunwg6clrvxyz5sn2xaz": {
      "pot": 1595017272,
      "leader": 1594939075
    },
    "pool1tn9gz0tnqtkptkrkzlrzvkjcujdkalykfk6r38my3n5a506u9ux": {
      "pot": 0,
      "leader": 0
    },
    "pool1traytmq6e7t33ux86fs4uk837ltl56hnv9fkd954ndkrjerkter": {
      "pot": 0,
      "leader": 0
    },
    "pool1tttjn80uzcvyzvzw2202r3xm7e5dz60tfjdtrlx6vkpjv78t0j9": {
      "pot": 0,
      "leader": 0
    },
    "pool1tzau4l4xpk4jqh766am0m89np2k27k0p0we424fte9mczrfl49h": {
      "pot": 0,
      "leader": 0
    },
    "pool1u3ltum2lm8jxlnlphr3avk50tng58saxwnzknwn0fzsuvesj45p": {
      "pot": 37976531,
      "leader": 37976531
    },
    "pool1u4x4ly6qyx9fs9k2lt7f9hpa2gftd52fee67jcmuhnt7qqae3x0": {
      "pot": 8595578319,
      "leader": 725954357
    },
    "pool1u6x2xqxpkcqc3fedj0tllvf5c4k8lwxxrjhsal6rwt2866pjtk3": {
      "pot": 0,
      "leader": 0
    },
    "pool1u997u0wg039euqrsx5fuyy3wktw983xmrxrzc93z3j5azgfk6y6": {
      "pot": 0,
      "leader": 0
    },
    "pool1uhkxzvt9rj5s9emzr3uklwg2wdt7uky3aatgv9amhn2yz59laey": {
      "pot": 0,
      "leader": 0
    },
    "pool1ujafaae6h7quhldzwcs0psxa0mxczx7zay4vnggmu0sacycdgum": {
      "pot": 0,
      "leader": 0
    },
    "pool1ujajzuj0jjt45t4yafh9uwjr6g5aaprq9h6tcn5fa6m72vv8x2a": {
      "pot": 0,
      "leader": 0
    },
    "pool1upeknjpwqkemwm2ephx2v94wkk5wlh7ce58xg0w4fxetq25mn2d": {
      "pot": 0,
      "leader": 0
    },
    "pool1upqfyzqpk6wkpsvw90qqrpr9tjyemh484wk4em69anwpu586ehq": {
      "pot": 17195702959,
      "leader": 3123131179
    },
    "pool1uqkr3aes23dd6t6n6q480tgasy8r2tz9250lhejlnr98cvu8jw9": {
      "pot": 0,
      "leader": 0
    },
    "pool1uwg22a2nvattzh8sqydumja5xgh68r9mtdgy80hknm8xk8asj5h": {
      "pot": 0,
      "leader": 0
    },
    "pool1uzsnj4eu37efwm0trm6nggwvq23nl7894wsnpq6pqp2eu0xdm9x": {
      "pot": 0,
      "leader": 0
    },
    "pool1v0mz3r0pkp5evjm62c7vrd6q2327nrw5uhhs8fefqst0yy57mgn": {
      "pot": 0,
      "leader": 0
    },
    "pool1v3lsp74wauazym2rwkktye9kdw2vyj8h9yvkgzj556t0g390ecw": {
      "pot": 1050661243,
      "leader": 383344811
    },
    "pool1v5f89tua4ucmj9s0g4hdjkjtmpsuunxjz6sg5tj97ak0yja4hfl": {
      "pot": 0,
      "leader": 0
    },
    "pool1v7e8jk6vt2725t3p7w4x33pqwd4lynsragktq7rv8s4n2ngmpdn": {
      "pot": 0,
      "leader": 0
    },
    "pool1vf8ukuvdn7kv0hxgm23utjkkw5ugdhwfdrxy56l2t6wvxezspyu": {
      "pot": 0,
      "leader": 0
    },
    "pool1vfqxyyxmfmfzg3egvc42dxkmmeea3he3r8h6q2dnwkaawwd0sv0": {
      "pot": 0,
      "leader": 0
    },
    "pool1vgf6hsa6f2ct6jm5p42kdu3kkafsszud02xl8nmxu3atk7l3ec9": {
      "pot": 1063344813,
      "leader": 493543624
    },
    "pool1vhlau0270khmruluxrc7dz6zfj066n9emhl3dtzw2cxtg7eht8g": {
      "pot": 0,
      "leader": 0
    },
    "pool1vknn7dv35hvnwzgee82lgcg88v743czky3kl8ze04pzgwu047f4": {
      "pot": 0,
      "leader": 0
    },
    "pool1vmhgsujfcqyn8n654yxtavlsjggew2a3knrr6smxcleggdwl3pp": {
      "pot": 0,
      "leader": 0
    },
    "pool1vntql3yhyzzm3p846mds33nmuzz30jrn56fvjdd3hhu9u5n9d4d": {
      "pot": 1278754270,
      "leader": 412026525
    },
    "pool1vtfhwwy868ryf49j3ft58ug3t9lq44t9fdcavyl5pawsx6hlvam": {
      "pot": 0,
      "leader": 0
    },
    "pool1vtvseq6f76sxwknw5r6mv24x3nxcevenhpsyf35utkk77xljhag": {
      "pot": 0,
      "leader": 0
    },
    "pool1vvkurfxhajtj4f7x8wjkeet7rg8amz34duy5nux76per5sn3npx": {
      "pot": 1848194647,
      "leader": 1102980119
    },
    "pool1vw6fr9agt58djrp3w0t0lsn6t329t6eusqxz5ugd9w7ecyedsdv": {
      "pot": 278495068,
      "leader": 278495068
    },
    "pool1vztvy9n9daayf8nuk5l9wmg4nlcs4j0f5awdjdnjkfvm7t89znm": {
      "pot": 0,
      "leader": 0
    },
    "pool1w5qdxdjh4922f5paxgdej3cefz794hwjlnx3rlpxg6lj7sdgd86": {
      "pot": 0,
      "leader": 0
    },
    "pool1wcfnw3cf820z2fqn4rmlaf29yj5enymen4ll085eza4ey4shct9": {
      "pot": 0,
      "leader": 0
    },
    "pool1wcz3mfg76ttd8tl7m54z9ptrs4wpfatx7vwd9ykrsjltwkzvcz9": {
      "pot": 0,
      "leader": 0
    },
    "pool1wd2sv3nhfxd2z5sf5jjtleywqy0d56pe0w337xzpv266jn6mvp9": {
      "pot": 0,
      "leader": 0
    },
    "pool1wf542yl9c85gks2f4y479v2nlqtfr8t06v0td877h5e0qgry4st": {
      "pot": 0,
      "leader": 0
    },
    "pool1wf9j0stckxueuxtrkupzug7463el4mdwz3fwxwlsdr98q9292s8": {
      "pot": 0,
      "leader": 0
    },
    "pool1wmluq6pjne9ndvgl26q52f4lntpjaqkwj6x8u2py9jqfuy5mv8k": {
      "pot": 0,
      "leader": 0
    },
    "pool1wn6a6f23ctq06udwhw27ravdpd6zcr7jlut3yez0wzdackz3222": {
      "pot": 1202813653,
      "leader": 899833014
    },
    "pool1wns664xl66hwsx7wf59lunq5x0t3mr46ew3j5sgm8t5xka32y4m": {
      "pot": 0,
      "leader": 0
    },
    "pool1ws42l6rawqjv58crs5l32v0eem3qnngpnjfd7epwd4lmjccc5cg": {
      "pot": 0,
      "leader": 0
    },
    "pool1wyk7r2z9etzevz8yucu4jpamkt95f0rjtew82y3dx3zx5maj92v": {
      "pot": 0,
      "leader": 0
    },
    "pool1x0rfh56fzs7c9vd2jsss6zx3eh882l0jan85utly6vke5reejt6": {
      "pot": 0,
      "leader": 0
    },
    "pool1x2f7xdre72calxp5j05k5g9hvskztl790v9enggn42js5mdxesn": {
      "pot": 0,
      "leader": 0
    },
    "pool1x4p3cwemsm356vpxnjwuud7w76jz64hyss729zp7xa6wuey6yr9": {
      "pot": 987550329,
      "leader": 966688665
    },
    "pool1x6hwmrf5mz8hd02n5x3ycgsgwsdpfexurdegxfq7s4wsc79df2h": {
      "pot": 0,
      "leader": 0
    },
    "pool1xa4fq45v0trzvcs507gel3dfrxs6m8kc20s9d5jy7a9kxxqt6wa": {
      "pot": 0,
      "leader": 0
    },
    "pool1xafhfcvhyk2cyr7lprt4luxjcxgh8z87z6fke7d6grvvzljga3l": {
      "pot": 0,
      "leader": 0
    },
    "pool1xaj5w5m3ra8xypv58h4djvjkm08j94nu9w49nadlyyduqx6h5dp": {
      "pot": 0,
      "leader": 0
    },
    "pool1xapempldsxvte845vwxk2flmqm4x7jrhqftj5q3p5qhvynd6smz": {
      "pot": 0,
      "leader": 0
    },
    "pool1xgxhm4zgkevltshwk7yezvt9un08anc9rhlutm5yp7jr2etj3x0": {
      "pot": 0,
      "leader": 0
    },
    "pool1xk2ml63jn0rjd5958zul47hc790neyngkcz0tqwxrdtn5nn349z": {
      "pot": 0,
      "leader": 0
    },
    "pool1xm90p8nl7kaqvsskrvtyq60z70rx4afdfj4xex89u9gns62t0er": {
      "pot": 0,
      "leader": 0
    },
    "pool1xqgxjecd9jrf0g9vert2xzdte9rfwptnat03whfz69t4gx4qz4s": {
      "pot": 0,
      "leader": 0
    },
    "pool1xqhqfj4jnehs5zkmr2py40wkuztvwatx9p7gsdvpesj6x6tsyt2": {
      "pot": 0,
      "leader": 0
    },
    "pool1xrflm7hknav65t3chtcy2ca4s5v64erm2320g23jeuejvw60t7l": {
      "pot": 0,
      "leader": 0
    },
    "pool1xswvfnk5c0a3r7lh722vam7feye8de9wyys6c0e3hmxd54q9aae": {
      "pot": 0,
      "leader": 0
    },
    "pool1xu8ljtay48mcdmnu4qnd6l9s9qxeu73w0h6l0gpt0097jgs93y4": {
      "pot": 0,
      "leader": 0
    },
    "pool1xxnkgjejhd2eqp4gusjd8s2tnq6frwh4z453j5s2vl7axv90n9a": {
      "pot": 0,
      "leader": 0
    },
    "pool1xz6xjncxtgfv00qfklfma5ek9c3c4vk5yxgnd8vkc33kvrkey20": {
      "pot": 1316522194,
      "leader": 1316461196
    },
    "pool1y4jn4em2qht7vq8ve8s4retn4gtw8u0ha82w48sg6ggdvl9mlcq": {
      "pot": 0,
      "leader": 0
    },
    "pool1y74f44yeedrls4nj0yf6h5pdl5ythd5ahm73knqf33hfvq9rhaf": {
      "pot": 0,
      "leader": 0
    },
    "pool1y78qthpjc0zvqwu7nfgy7m756226fz83dkkyxargq0juskqy63q": {
      "pot": 0,
      "leader": 0
    },
    "pool1y9awaq0evchgpnfjgys53yljunxajzzn590459aeyw74q9xkxzg": {
      "pot": 0,
      "leader": 0
    },
    "pool1yaap4p67ltp79m5na7s8qarszyz5d6n7ltqxlmf2apzsxmxlwzq": {
      "pot": 0,
      "leader": 0
    },
    "pool1yfs7qc0frzlkvy5rw6npwyc94ve7pk094ugzxn0678mzsnmqs7f": {
      "pot": 0,
      "leader": 0
    },
    "pool1yh54ttht6ww74u77xehwm2mfhg27qmm3v56e5ahc2nsrszv0xtn": {
      "pot": 0,
      "leader": 0
    },
    "pool1ymrt98cl9s3zw7hrumyn7dyv8f8zy3aky523237e3r2zyrf3e26": {
      "pot": 0,
      "leader": 0
    },
    "pool1ypmhxlnrmhxpfavklkkt4td4dartxhphdc7shvc5knknur05ta0": {
      "pot": 0,
      "leader": 0
    },
    "pool1yrtux38kfj030vprg4k2f46q8rqkf6ss6yk2yvyeks8k5uk9tss": {
      "pot": 0,
      "leader": 0
    },
    "pool1ys9lst64mzprj7u029klxvjnsx0qs7hz9n7gn4ju2q6zz7tye3p": {
      "pot": 0,
      "leader": 0
    },
    "pool1ytvs2jlrtftapsgdhtlm8ch0xa2d3e3lsnf59jz68mtk5pml699": {
      "pot": 0,
      "leader": 0
    },
    "pool1yy4cemccmnk6m6adcnxedzy4dvrlw95djln4pctg0jpq5x7gczh": {
      "pot": 1113953551,
      "leader": 252534608
    },
    "pool1yzwxetclm2l48xzvmnwwf6x48a5qze0nx4t6glz5k8wk50xl006": {
      "pot": 860794708,
      "leader": 370628018
    },
    "pool1z05xqzuxnpl8kg8u2wwg8ftng0fwtdluv3h20ruryfqc5gc3efl": {
      "pot": 6134319603,
      "leader": 4123992575
    },
    "pool1z063uemr7k9zzg95ymz0gfqnfv5k58et8xrnk6ynfyqdgjjw0e7": {
      "pot": 0,
      "leader": 0
    },
    "pool1z7kuc2r7jgfmvuw0fazqzs8phcgfl64kmdmcsq7z440v578ekw8": {
      "pot": 0,
      "leader": 0
    },
    "pool1zg484cf3hdphs7cmmtp6j88k5jxx5zz5wwssh5fxgpkn2lf8wa0": {
      "pot": 0,
      "leader": 0
    },
    "pool1zgxyrg92crhawjeux2pavqde3c2a0fgs0kgmeckknj0m7wmpcvl": {
      "pot": 0,
      "leader": 0
    },
    "pool1zjxgjy4x9v9yrs9g3d2v7srg0yl8cl08nw338rhl0axgcqh2ftf": {
      "pot": 0,
      "leader": 0
    },
    "pool1zl79v96hz9fn9rhjepxa3mpnk4gsw85fjkze35vpvarmv03ngw6": {
      "pot": 0,
      "leader": 0
    },
    "pool1zpyuuv8wus56cpmvr0c88njsnzcsf3qeaw4vyny6q6pd5x7vme5": {
      "pot": 0,
      "leader": 0
    },
    "pool1zr907nmfsq5kalxdjju349nwg6f03lyfmcjfqcz52jf45gcgh03": {
      "pot": 0,
      "leader": 0
    },
    "pool1zuhgh090ejafvztegmxx9h26cdk3eutuur07379vysuhxtr8qdy": {
      "pot": 0,
      "leader": 0
    },
    "pool1zv0ldgrpp2pwzr39vjwcyfz57e8mlff3229wyykt5pmsjt95jhc": {
      "pot": 0,
      "leader": 0
    },
    "pool1zwmkuyzj8wykfdq98g28stkpq28k0f3l2xse384re5yfwap80ca": {
      "pot": 0,
      "leader": 0
    }
  }
}